# name: test_proper_write_with_cleanup
  dict({
    '.a_hidden_folder': dict({
      'nested_dir': dict({
        '.a_hidden_file': 'some text',
      }),
    }),
    'nested_dir': dict({
      'another_nested_dir': dict({
        'final_text_file.txt': 'some text',
        'last_nested_empty_dir': dict({
        }),
      }),
      'another_nested_empty_dir': dict({
      }),
      'valid_empty_file.txt': '',
    }),
    'valid_file.txt': 'some text',
  })
# ---
# name: test_read_recreates_project_from_disc
  dict({
    '.a_hidden_folder': dict({
      'nested_dir': dict({
        '.a_hidden_file': 'some text',
      }),
    }),
    'nested_dir': dict({
      'another_nested_dir': dict({
        'final_text_file.txt': 'some text',
        'last_nested_empty_dir': dict({
        }),
      }),
      'another_nested_empty_dir': dict({
      }),
      'valid_empty_file.txt': '',
    }),
    'valid_file.txt': 'some text',
  })
# ---
# name: test_read_recreates_project_from_disc_with_similar_filenames
  dict({
    'sub': dict({
      'sub': dict({
        'valid_file.txt': 'some text',
      }),
      'valid_file.txt': 'some text',
    }),
    'valid_file.txt': 'some text',
  })
# ---
